// Jest Snapshot v1, https://goo.gl/fbAQLP

exports[`USAMap Component renders snapshot correctly 1`] = `
<Fragment>
  <svg
    className="us-state-map"
    height={593}
    viewBox="0 0 959 593"
    width={959}
    xmlns="http://www.w3.org/2000/svg"
  >
    <title>
      Yo Man! Wadd up......
    </title>
    <g
      className="outlines"
    />
  </svg>
</Fragment>
`;
